============================= test session starts =============================
platform win32 -- Python 3.11.5, pytest-9.0.1, pluggy-1.6.0 -- C:\Python311\python.exe
cachedir: .pytest_cache
rootdir: D:\CKE\CKE
configfile: pyproject.toml
plugins: anyio-4.11.0, cov-7.0.0
collecting ... collected 8 items

tests/test_conversation_failures.py::test_extractor_exception_does_not_break_ingestion PASSED [ 12%]
tests/test_conversation_failures.py::test_monitor_exception_does_not_break_pipeline PASSED [ 25%]
tests/test_conversation_failures.py::test_retrieval_empty_evidence_abstains_cleanly PASSED [ 37%]
tests/test_conversation_failures.py::test_rejected_candidates_never_appear_in_canonical PASSED [ 50%]
tests/test_conversation_failures.py::test_contradiction_cascade_does_not_mutate_existing_on_reject FAILED [ 62%]
tests/test_conversation_failures.py::test_repeated_ingest_does_not_create_duplicate_canonical FAILED [ 75%]
tests/test_conversation_failures.py::test_empty_metadata_does_not_break_ingestion PASSED [ 87%]
tests/test_conversation_failures.py::test_missing_optional_fields_ingestion PASSED [100%]

================================== FAILURES ===================================
________ test_contradiction_cascade_does_not_mutate_existing_on_reject ________

    def test_contradiction_cascade_does_not_mutate_existing_on_reject():
        store = ConversationMemoryStore()
        monitor = SystemMonitor()
        pipeline = ConversationIngestionPipeline(store, monitor=monitor)
    
        pipeline.ingest_turn("conv-3", "user", "My email is test@example.com.")
        pipeline.ingest_turn("conv-3", "user", "My email is test2@example.com.")
    
        # Depending on updates vs rejects logic:
        # "email" is not in update_relations by default, it usually rejects contradictions.
        # So the second candidate is rejected, the first stays ACCEPTED.
        memories = store.get_canonical_memories("conv-3")
        accepted = [m for m in memories if m.status.value == "accepted"]
        assert len(accepted) == 1
>       assert accepted[0].object == "test@example.com"
E       AssertionError: assert 'test@example' == 'test@example.com'
E         
E         - test@example.com
E         ?             ----
E         + test@example

tests\test_conversation_failures.py:126: AssertionError
__________ test_repeated_ingest_does_not_create_duplicate_canonical ___________

    def test_repeated_ingest_does_not_create_duplicate_canonical():
        store = ConversationMemoryStore()
        monitor = SystemMonitor()
        pipeline = ConversationIngestionPipeline(store, monitor=monitor)
    
        # Same exact statement
        pipeline.ingest_turn("conv-4", "user", "I am a developer.")
        pipeline.ingest_turn("conv-4", "user", "I am a developer.")
    
        memories = store.get_canonical_memories("conv-4")
        # Both turns produce the same candidate object 'developer', so it should be MERGED.
        # Canonical memory list should only have size 1.
>       assert len(memories) == 1
E       assert 0 == 1
E        +  where 0 = len([])

tests\test_conversation_failures.py:140: AssertionError
=========================== short test summary info ===========================
FAILED tests/test_conversation_failures.py::test_contradiction_cascade_does_not_mutate_existing_on_reject
FAILED tests/test_conversation_failures.py::test_repeated_ingest_does_not_create_duplicate_canonical
========================= 2 failed, 6 passed in 0.37s =========================
